{
  "version": "1.5.0",
  "results": {
    "config/phase0/strategy-manifest.json": [
      {"type": "Hex High Entropy String", "hashed_secret": "2feb05d379df2a4ff7c74aebec38ce9a0c44bd8d"},
      {"type": "Hex High Entropy String", "hashed_secret": "aa64137f41680833f24efbefc6c49f55d0c61e57"},
      {"type": "Hex High Entropy String", "hashed_secret": "cff08a8ecd5b33eb520b19c8a57b406fc03036f3"}
    ],
    "contracts/vectors/canonical-json-v1.json": [
      {"type": "Hex High Entropy String", "hashed_secret": "3e9d1737117ff62b23e37aedc72b522b0134997a"},
      {"type": "Hex High Entropy String", "hashed_secret": "579bcdee061380fca7b53a611e1b0cea83de455a"},
      {"type": "Hex High Entropy String", "hashed_secret": "839f2c57b43b8f99ec9dac63a2f8efc0958812b5"},
      {"type": "Hex High Entropy String", "hashed_secret": "e1637855368300f30f94f9c1606802ed855a7781"}
    ],
    "evidence/inventory.json": [
      {"type": "Hex High Entropy String", "hashed_secret": "8340019eced844cdaccf216703e9cfe849bd2d32"},
      {"type": "Hex High Entropy String", "hashed_secret": "2feb05d379df2a4ff7c74aebec38ce9a0c44bd8d"},
      {"type": "Hex High Entropy String", "hashed_secret": "00e78ec6a762d6ca11961894990cb8b778ca863e"},
      {"type": "Hex High Entropy String", "hashed_secret": "0a75040d4ce0180c5725cafca4282741d06096e8"},
      {"type": "Hex High Entropy String", "hashed_secret": "2880521e07ce9e01bdecf26767cd93e0c2d7abb6"},
      {"type": "Hex High Entropy String", "hashed_secret": "7e7993a7e01e6254432a1af535838072089b97a1"},
      {"type": "Hex High Entropy String", "hashed_secret": "9c11f615c4b228f1fc0a3de5d5c2f8a73c7465eb"},
      {"type": "Hex High Entropy String", "hashed_secret": "429fd8b795b25fa2223d99b7ce3c067d83b07953"},
      {"type": "Hex High Entropy String", "hashed_secret": "5e593032b5ae852c354603c8939c1f87a9fef0aa"},
      {"type": "Hex High Entropy String", "hashed_secret": "909189012a47992a9c1486b38699c84049249021"},
      {"type": "Hex High Entropy String", "hashed_secret": "aa64137f41680833f24efbefc6c49f55d0c61e57"}
    ],
    "scripts/build_phase0_evidence.py": [
      {"type": "Secret Keyword", "hashed_secret": "18abaecf9f0c042aaf57e2af6fc73e796f9eacc0"}
    ],
    "scripts/assert_frozen_specs.py": [
      {"type": "Hex High Entropy String", "hashed_secret": "ac926e307ab5638f2609ed45d789c8892ec9c925"},
      {"type": "Hex High Entropy String", "hashed_secret": "920b814d942d537e01ab832bd9a40fba638797f7"}
    ],
    "src/prop_trading/contracts/models.py": [
      {"type": "Secret Keyword", "hashed_secret": "e8a598be9dd484c6db744508b01034d712936386"}
    ]
  }
}
