{
  "version": "1.5.0",
  "results": {
    "apps/execution-edge/test/broker-geometry-reconstruction-v1.test.ts": [
      {"type": "Hex High Entropy String", "hashed_secret": "01834d6c9e7f5bf2f0873373c92b2d3c82a256d2"},
      {"type": "Hex High Entropy String", "hashed_secret": "ecb25853ec70135f00a7162b163adcc53f3106fa"}
    ],
    "config/phase0/rd-strategy-rule-contract-v2.json": [
      {"type": "Hex High Entropy String", "hashed_secret": "b53ba2bbb2d1a2fb164042bf92bb64809e9c1669"}
    ],
    "config/phase0/rd-strategy-rule-contract-v3.json": [
      {"type": "Hex High Entropy String", "hashed_secret": "b53ba2bbb2d1a2fb164042bf92bb64809e9c1669"}
    ],
    "config/phase0/strategy-manifest.json": [
      {"type": "Hex High Entropy String", "hashed_secret": "2feb05d379df2a4ff7c74aebec38ce9a0c44bd8d"},
      {"type": "Hex High Entropy String", "hashed_secret": "aa64137f41680833f24efbefc6c49f55d0c61e57"},
      {"type": "Hex High Entropy String", "hashed_secret": "cff08a8ecd5b33eb520b19c8a57b406fc03036f3"}
    ],
    "contracts/vectors/broker-geometry-reconstruction-v1.json": [
      {"type": "Hex High Entropy String", "hashed_secret": "26363f62aa1c2080b5bb122737e2c351ef636516"},
      {"type": "Hex High Entropy String", "hashed_secret": "16d857c4fbfc563b64fe49bb226250997ae2ca50"},
      {"type": "Hex High Entropy String", "hashed_secret": "b610a1ee5d7b72e450a893b33d249acb7adb0ac8"},
      {"type": "Hex High Entropy String", "hashed_secret": "188cc7b345023e70f054bfea6c021e8b44393b68"},
      {"type": "Hex High Entropy String", "hashed_secret": "01834d6c9e7f5bf2f0873373c92b2d3c82a256d2"},
      {"type": "Hex High Entropy String", "hashed_secret": "ecb25853ec70135f00a7162b163adcc53f3106fa"},
      {"type": "Hex High Entropy String", "hashed_secret": "f1d8bb2eef6fcbfd2314d0980766c8d8f2547b30"},
      {"type": "Hex High Entropy String", "hashed_secret": "71768d271e187aeba197c30886201acd986b54c1"}
    ],
    "contracts/vectors/canonical-json-v1.json": [
      {"type": "Hex High Entropy String", "hashed_secret": "3e9d1737117ff62b23e37aedc72b522b0134997a"},
      {"type": "Hex High Entropy String", "hashed_secret": "579bcdee061380fca7b53a611e1b0cea83de455a"},
      {"type": "Hex High Entropy String", "hashed_secret": "839f2c57b43b8f99ec9dac63a2f8efc0958812b5"},
      {"type": "Hex High Entropy String", "hashed_secret": "e1637855368300f30f94f9c1606802ed855a7781"}
    ],
    "contracts/vectors/rd-entry-arbitration-v2.json": [
      {"type": "Hex High Entropy String", "hashed_secret": "1d6bfe438db6f312d15c2a2901b4e8396d9674f2"},
      {"type": "Hex High Entropy String", "hashed_secret": "95c22c5e1a29a3a729817c43d13ba81aa273da0a"},
      {"type": "Hex High Entropy String", "hashed_secret": "636ebd3d10fd8f21ca0106f8ae91229cc8b23b6b"},
      {"type": "Hex High Entropy String", "hashed_secret": "754be1dc90dff18fbe73f3bf6d2325fde1c99032"},
      {"type": "Hex High Entropy String", "hashed_secret": "6cf1e9fc77b2d6811542817f27f961c2507da2ac"},
      {"type": "Hex High Entropy String", "hashed_secret": "ec7181feffa39ee8d14ed5c73262ff943b5a8192"},
      {"type": "Hex High Entropy String", "hashed_secret": "668d8a28930fcdddda8fa64ce62a2d435f9544b6"},
      {"type": "Hex High Entropy String", "hashed_secret": "0bf224feeb0230b128f6164dc48c8c58b4deb59c"},
      {"type": "Hex High Entropy String", "hashed_secret": "43b55f4098916f5d12efcb775d6dd46bbccba08f"},
      {"type": "Hex High Entropy String", "hashed_secret": "09f14bbbe491a6b644e4604f01ed10ba29f4ded2"},
      {"type": "Hex High Entropy String", "hashed_secret": "c9cd33b5e9abb0f6d802adeb82f8bbed082a31a8"},
      {"type": "Hex High Entropy String", "hashed_secret": "ebf82dcc5e5f868fec5fbab78969be4910648e2d"},
      {"type": "Hex High Entropy String", "hashed_secret": "ee1d4557a063ce78dc4657ee48e89374a15786c0"},
      {"type": "Hex High Entropy String", "hashed_secret": "3f32b8e6a07fb0ae08fcffa414c7c1f916ddb969"},
      {"type": "Hex High Entropy String", "hashed_secret": "aa0c1c774cd1fe6e3e8b2090c243edaa57b0d3e7"},
      {"type": "Hex High Entropy String", "hashed_secret": "8eb6325483e7fbefa5029e76d20fad9dd3f2949c"},
      {"type": "Hex High Entropy String", "hashed_secret": "72fc97a787d3baadb15a0cb864cb3bc741982075"},
      {"type": "Hex High Entropy String", "hashed_secret": "13ec41b94ec59164e5830d40383bb4a4c952b1bc"},
      {"type": "Hex High Entropy String", "hashed_secret": "811a14cc879a98952c61e3de34f705a78bf346c4"},
      {"type": "Hex High Entropy String", "hashed_secret": "054c6ac153d676a5010d5d154533e81f7ce58d20"},
      {"type": "Hex High Entropy String", "hashed_secret": "38d7ec233fd4d39fd23c20c699bfe0d585d58f7e"},
      {"type": "Hex High Entropy String", "hashed_secret": "bd8b38944f2f85bdc90f8450326bec1766fb5ce2"},
      {"type": "Hex High Entropy String", "hashed_secret": "33812cf90b6fac347586901d3be89f0ff4b89e41"},
      {"type": "Hex High Entropy String", "hashed_secret": "d229c043da936dc861fbe7448b669f5c0fc3acf5"},
      {"type": "Hex High Entropy String", "hashed_secret": "33dce046a9701ed4acfc6153e1034c614f3dd92a"},
      {"type": "Hex High Entropy String", "hashed_secret": "1ecfe5fdb9c352264c2a332c021d5d3b46aa2009"},
      {"type": "Hex High Entropy String", "hashed_secret": "859cb770e22a02be05a77ecc3737a43e2665dc59"},
      {"type": "Hex High Entropy String", "hashed_secret": "272dae1852f38dc09f10b263b8472730bd0c34ca"},
      {"type": "Hex High Entropy String", "hashed_secret": "2b4b8bf0512b0bd151dea98af384cc709bcfa12c"},
      {"type": "Hex High Entropy String", "hashed_secret": "2fb5b60a626c98d63485311058a05ba77ae04a9c"},
      {"type": "Hex High Entropy String", "hashed_secret": "64cc537c41a70aefd9c7e575345d68c68d12c847"},
      {"type": "Hex High Entropy String", "hashed_secret": "d1cc649856baa1a14a615b636cb3858356c794d2"},
      {"type": "Hex High Entropy String", "hashed_secret": "28281a95cdae46359b28df87bd6e630ed1cd4c39"},
      {"type": "Hex High Entropy String", "hashed_secret": "792f23cbd4754d3e00fe911fcab17aef075536ac"},
      {"type": "Hex High Entropy String", "hashed_secret": "f923f583806063fb53719e73c7cf6be0caef15c7"},
      {"type": "Hex High Entropy String", "hashed_secret": "5c47d6975009f5efb00cae5709f81f56e072d77c"},
      {"type": "Hex High Entropy String", "hashed_secret": "70ee5acb9c326011adeb0217ae0ffcb66a1cdd6f"},
      {"type": "Hex High Entropy String", "hashed_secret": "1a051003a0664831f203f5224fca50ad4f98c60d"},
      {"type": "Hex High Entropy String", "hashed_secret": "d72199650423dcb267a6ae585557321fcfebf72a"},
      {"type": "Hex High Entropy String", "hashed_secret": "37e68d2228a518f1a095ab277a3d8a931f2cd2a9"},
      {"type": "Hex High Entropy String", "hashed_secret": "d44632df124260d6c7f66d061488d20e8d40b488"},
      {"type": "Hex High Entropy String", "hashed_secret": "cb26bb7c35deb01463269c7879913e07f63ba8a5"},
      {"type": "Hex High Entropy String", "hashed_secret": "183ccb774d122a29aa71aede17017ee222220129"},
      {"type": "Hex High Entropy String", "hashed_secret": "5e43c5f26cea8615092d3cf554e65a9cc3b1f3d0"},
      {"type": "Hex High Entropy String", "hashed_secret": "3eddced723ccc403fb45a376837edc279820fecf"},
      {"type": "Hex High Entropy String", "hashed_secret": "0c5d2a4572d7da4432c3108e3fdb03e7fbfd3215"},
      {"type": "Hex High Entropy String", "hashed_secret": "1c6aa7c02124c45911c0537e0d9174597b416daa"},
      {"type": "Hex High Entropy String", "hashed_secret": "6e0caebe28963b22720736efa029ec0f5be86cc4"},
      {"type": "Hex High Entropy String", "hashed_secret": "f8e40fb9304cae6d74d70ea1456036ab64f1d591"},
      {"type": "Hex High Entropy String", "hashed_secret": "8904cefec05bacf2beae6c7f73d77680fd183038"},
      {"type": "Hex High Entropy String", "hashed_secret": "8a4f12622aafa49c25a630de09e7baba1d2c09f3"},
      {"type": "Hex High Entropy String", "hashed_secret": "7d4a9a53375164ae36f07d7a9b5acdea524a33e1"},
      {"type": "Hex High Entropy String", "hashed_secret": "5818bb6f23540a26a7ab2d01994b0b40e0499a99"},
      {"type": "Hex High Entropy String", "hashed_secret": "08bbf6afc0af3dce6a8c1e95a3efa30115822d43"},
      {"type": "Hex High Entropy String", "hashed_secret": "22cff069b3b94b7b93bc1bcd060f17bb942bb077"},
      {"type": "Hex High Entropy String", "hashed_secret": "33ce95500d3e24449d9b612652d292702aec5e60"},
      {"type": "Hex High Entropy String", "hashed_secret": "babe99638b46bada1d208dfdac126e5a6d707f8a"},
      {"type": "Hex High Entropy String", "hashed_secret": "e67b8bd947074e506b68de7088b1ff1ce06cbb5b"},
      {"type": "Hex High Entropy String", "hashed_secret": "185fc52c94f6581bc6fa75ecfb2c522c90b618d6"},
      {"type": "Hex High Entropy String", "hashed_secret": "1175133f60bc816a1ea15db159744de9acc46cb8"},
      {"type": "Hex High Entropy String", "hashed_secret": "043255a663dc56e9932447d376cd0a610327f65e"},
      {"type": "Hex High Entropy String", "hashed_secret": "08d69b3ee4aba7ca16542ea3c92f4c7359fefe39"},
      {"type": "Hex High Entropy String", "hashed_secret": "538ab001cbb05f1bc6189a84a1a4407c7d4be3ed"},
      {"type": "Hex High Entropy String", "hashed_secret": "91a590897daf6d5c71c3834c48e08a42937159ad"},
      {"type": "Hex High Entropy String", "hashed_secret": "afb3aaae07cbb88dbda30d0fb88d340725f43ffd"},
      {"type": "Hex High Entropy String", "hashed_secret": "4bda7e12600bd2bd04bd286a08133fa450477d26"},
      {"type": "Hex High Entropy String", "hashed_secret": "108bedf2f12a4e3eba7dafbb6eff4f1475697a35"},
      {"type": "Hex High Entropy String", "hashed_secret": "823c36851ac09a13c2976324d83a5139cbdc884d"},
      {"type": "Hex High Entropy String", "hashed_secret": "9d33ed906e56c47e08e58582bc4d9fdd0709dc16"},
      {"type": "Hex High Entropy String", "hashed_secret": "e94fc77c8295655816b4db907cc436917f5525c3"},
      {"type": "Hex High Entropy String", "hashed_secret": "ec3786b4ec0880ce29ca38fa14b26b2a8be086c5"},
      {"type": "Hex High Entropy String", "hashed_secret": "3f454c633d8825476d7292a79ecb73b3b6f819d7"}
    ],
    "contracts/vectors/rd-entry-arbitration-v3.json": [
      {"type": "Hex High Entropy String", "hashed_secret": "fbff33b7731533bfa31a308be06e11b2a99e800f"},
      {"type": "Hex High Entropy String", "hashed_secret": "8a343323e31ef4bdbd94651bca0bbdf102c65f7e"},
      {"type": "Hex High Entropy String", "hashed_secret": "b0d25219afb24647d44819851c77bcebda8288d9"},
      {"type": "Hex High Entropy String", "hashed_secret": "d26fd1e844433e02e90fa35d7805ad6e21127abe"},
      {"type": "Hex High Entropy String", "hashed_secret": "3e1ded7fd3fe749c8f45c88a086c6204fb54ae42"},
      {"type": "Hex High Entropy String", "hashed_secret": "1def1307fa80ff792f1d3f4dfdfda7b8dd42dacc"},
      {"type": "Hex High Entropy String", "hashed_secret": "1ca4ee950ddd1e74fcac219ab5619f4f77d66c35"},
      {"type": "Hex High Entropy String", "hashed_secret": "edf7a62fffa06048ac8d7b7cdc246df63f5758f7"},
      {"type": "Hex High Entropy String", "hashed_secret": "8471aec09b2a1e04d563d0f6c0fc5443e89ff920"},
      {"type": "Hex High Entropy String", "hashed_secret": "636db3d2574a1a711f4f8d4ada4ff912f77ef4fc"},
      {"type": "Hex High Entropy String", "hashed_secret": "e77cc20ad5575ef4c5d27e1abf00b2850e553c33"},
      {"type": "Hex High Entropy String", "hashed_secret": "dfecf148387b7a2d07a491598d527b7eed31b53e"},
      {"type": "Hex High Entropy String", "hashed_secret": "2bbfecc7287ecceca243d87621b4dee8ec7449f6"},
      {"type": "Hex High Entropy String", "hashed_secret": "3752e80620edae6cc6de968800dbd58081980944"},
      {"type": "Hex High Entropy String", "hashed_secret": "e61175f257190fc63f0b0b1f604500caef45e96a"},
      {"type": "Hex High Entropy String", "hashed_secret": "fdf9bf4b4b164254da1deb32cb4c66ee4412bec9"},
      {"type": "Hex High Entropy String", "hashed_secret": "fc7bdf5b48994d79fe591a569ebd5756d867ea8a"},
      {"type": "Hex High Entropy String", "hashed_secret": "935a5f9778e3b87881a3d5b5b2efe6fd3df83b37"},
      {"type": "Hex High Entropy String", "hashed_secret": "a999ace8121c0819eca7d786392e9a73359f7935"},
      {"type": "Hex High Entropy String", "hashed_secret": "46ad9a01ce0859068227639dc0b3f228d6adbdac"},
      {"type": "Hex High Entropy String", "hashed_secret": "2e328c06d4c37ee63e1152e9a08e06c917d9cc77"},
      {"type": "Hex High Entropy String", "hashed_secret": "9572fc6b06432d2ed1be702dad81eb60a01847cf"},
      {"type": "Hex High Entropy String", "hashed_secret": "8055aea7e80b26c105133c76f45faef7987b068e"},
      {"type": "Hex High Entropy String", "hashed_secret": "22dda87503938308665692fea7619844a97d59f5"},
      {"type": "Hex High Entropy String", "hashed_secret": "3a4ecb513ecc4abcea832ee6f728b48ef121b5a8"},
      {"type": "Hex High Entropy String", "hashed_secret": "fbb58a817f7a600830406b081ed7b18ba7b0b5f6"},
      {"type": "Hex High Entropy String", "hashed_secret": "818b64a6329c04355fa09ac5d1e7fe1139264534"},
      {"type": "Hex High Entropy String", "hashed_secret": "bfd05c9d2d5ff7b11d49cf86bcac29f6619d50bb"},
      {"type": "Hex High Entropy String", "hashed_secret": "ba6c8f223e282f772b7bf67ca9c4db74c8d54c83"},
      {"type": "Hex High Entropy String", "hashed_secret": "7364da15120292e452485b790281904326126ba3"},
      {"type": "Hex High Entropy String", "hashed_secret": "9213a89fa382614429fd671ddc8f26d0300a4314"},
      {"type": "Hex High Entropy String", "hashed_secret": "56226abe80e3b80ee47c675c57028ca69ca353f4"},
      {"type": "Hex High Entropy String", "hashed_secret": "db97f5fa966f639bb6b10dd1c22a11fd6a82b4c5"},
      {"type": "Hex High Entropy String", "hashed_secret": "306dcc14f5780d24bca17d425607ba7d921afbc7"},
      {"type": "Hex High Entropy String", "hashed_secret": "3082cd686022716e97b06d64ccd5ce3220678b9a"},
      {"type": "Hex High Entropy String", "hashed_secret": "25017a07bbcebbeb8a969a48c2f5eca17d23c942"},
      {"type": "Hex High Entropy String", "hashed_secret": "f70f709fa565d45c89af65c2faf0663a33b257be"},
      {"type": "Hex High Entropy String", "hashed_secret": "4917e5d0372e3c7c37dddda60b30bffd4fa9d89f"}
    ],
    "contracts/vectors/rd-entry-execution-proposal-v1.json": [
      {"type": "Hex High Entropy String", "hashed_secret": "e0585b604dab3eb6bccd4c8c00273951046f6a4f"},
      {"type": "Hex High Entropy String", "hashed_secret": "ef098121bc49ecd9b07a3b7a1eb4b46ebb5499ce"},
      {"type": "Hex High Entropy String", "hashed_secret": "e5b73caaaa06014a4e1b79b67ac0e38a1b73c71e"}
    ],
    "contracts/vectors/rd-entry-method-v1.json": [
      {"type": "Hex High Entropy String", "hashed_secret": "c2b29167c92dbd91c3ce9768f4fcd37b51e48f2d"},
      {"type": "Hex High Entropy String", "hashed_secret": "881f45e07339194d4dfa2fc818bad337a0637fd0"},
      {"type": "Hex High Entropy String", "hashed_secret": "a82a77b16452d54fc019ded3ba99ac68dfbd67f7"},
      {"type": "Hex High Entropy String", "hashed_secret": "250bded49a833c7b87ec24a2a8bd0f9952ada343"},
      {"type": "Hex High Entropy String", "hashed_secret": "cf4145eb76688ce7f55066c70fc6e2b2f4d7e940"},
      {"type": "Hex High Entropy String", "hashed_secret": "14bfc3c42ff90d548a57d01fe8c6c36d831f1801"},
      {"type": "Hex High Entropy String", "hashed_secret": "9d6bc1f685f590120e3105b5cdbd1fd0ad5d3567"},
      {"type": "Hex High Entropy String", "hashed_secret": "4878b38c0da561f5216a55625971bc4866abac06"},
      {"type": "Hex High Entropy String", "hashed_secret": "07c2a553d6ea0f7d46fefe1770c603e7da75519d"},
      {"type": "Hex High Entropy String", "hashed_secret": "f5e10ff8f4d66b3a186e556f67501c323891db00"},
      {"type": "Hex High Entropy String", "hashed_secret": "ecc86b3a2698cd77b80381cba9390ce647aec34f"},
      {"type": "Hex High Entropy String", "hashed_secret": "ec61edbac74311622e49aa8521341d6e25b9cebe"},
      {"type": "Hex High Entropy String", "hashed_secret": "9868ad066a9ddf34f8fa083d2d884808884294ec"},
      {"type": "Hex High Entropy String", "hashed_secret": "98b2451db71b808bd04e6531a54c6cf0cb2ab887"},
      {"type": "Hex High Entropy String", "hashed_secret": "2e91a50e4335bb260e0a8d6e2c86d1f8752933fc"},
      {"type": "Hex High Entropy String", "hashed_secret": "6e44c15ceb66056d6757d0a79b4b6402e546038d"},
      {"type": "Hex High Entropy String", "hashed_secret": "dc4e85ae7b94e2fe2b69054af90273599b31c2cd"},
      {"type": "Hex High Entropy String", "hashed_secret": "e6f60926c9bf3c4e831dbbcfd86912347147a64c"},
      {"type": "Hex High Entropy String", "hashed_secret": "5f172d3ba4805b6507410ba8751eb01ad8c5c24f"},
      {"type": "Hex High Entropy String", "hashed_secret": "84156ed03b05fc981ef5805ad3585fd9d6c90a61"},
      {"type": "Hex High Entropy String", "hashed_secret": "f168ae45f2d55337e93b0ecc0c0ec36441c29996"},
      {"type": "Hex High Entropy String", "hashed_secret": "8fa8ecb4f1818ddefe9ba62127088f912ba5ae3c"},
      {"type": "Hex High Entropy String", "hashed_secret": "e20f9c958680ddffc3ee9e5cae83efcf77f48b06"},
      {"type": "Hex High Entropy String", "hashed_secret": "63a0e6b001eee337ebc92e0446fb7b4b7d9805e0"},
      {"type": "Hex High Entropy String", "hashed_secret": "9a31de9c06d015694632f4c1041234af3c15d50c"},
      {"type": "Hex High Entropy String", "hashed_secret": "3382e32a63ef48756e21edaea2cc496daa92ea2d"}
    ],
    "docs/superpowers/plans/2026-07-24-rd-entry-contract-domain.md": [
      {"type": "Hex High Entropy String", "hashed_secret": "b53ba2bbb2d1a2fb164042bf92bb64809e9c1669"}
    ],
    "docs/superpowers/plans/2026-07-24-rd-entry-pine-parity.md": [
      {"type": "Hex High Entropy String", "hashed_secret": "6c3bc1b89895b1ae0ab43ae9ad34a5e94d0debad"}
    ],
    "docs/superpowers/plans/2026-08-21-v3-paper-signal-authority.md": [
      {"type": "Hex High Entropy String", "hashed_secret": "b19a3ce0e1dea62764ee2146b2d1f9f6c9293df8"},
      {"type": "Hex High Entropy String", "hashed_secret": "6e18eafd034cf7156bc64d9f9da64e5192c0754f"}
    ],
    "evidence/inventory.json": [
      {"type": "Hex High Entropy String", "hashed_secret": "8340019eced844cdaccf216703e9cfe849bd2d32"},
      {"type": "Hex High Entropy String", "hashed_secret": "2feb05d379df2a4ff7c74aebec38ce9a0c44bd8d"},
      {"type": "Hex High Entropy String", "hashed_secret": "00e78ec6a762d6ca11961894990cb8b778ca863e"},
      {"type": "Hex High Entropy String", "hashed_secret": "0a75040d4ce0180c5725cafca4282741d06096e8"},
      {"type": "Hex High Entropy String", "hashed_secret": "2880521e07ce9e01bdecf26767cd93e0c2d7abb6"},
      {"type": "Hex High Entropy String", "hashed_secret": "7e7993a7e01e6254432a1af535838072089b97a1"},
      {"type": "Hex High Entropy String", "hashed_secret": "9c11f615c4b228f1fc0a3de5d5c2f8a73c7465eb"},
      {"type": "Hex High Entropy String", "hashed_secret": "429fd8b795b25fa2223d99b7ce3c067d83b07953"},
      {"type": "Hex High Entropy String", "hashed_secret": "5e593032b5ae852c354603c8939c1f87a9fef0aa"},
      {"type": "Hex High Entropy String", "hashed_secret": "909189012a47992a9c1486b38699c84049249021"},
      {"type": "Hex High Entropy String", "hashed_secret": "aa64137f41680833f24efbefc6c49f55d0c61e57"}
    ],
    "scripts/assert_frozen_specs.py": [
      {"type": "Hex High Entropy String", "hashed_secret": "ac926e307ab5638f2609ed45d789c8892ec9c925"},
      {"type": "Hex High Entropy String", "hashed_secret": "920b814d942d537e01ab832bd9a40fba638797f7"},
      {"type": "Hex High Entropy String", "hashed_secret": "71d52ade6610e96f2078f6ac194e7012cca0a676"},
      {"type": "Hex High Entropy String", "hashed_secret": "17aaed798ed5ef65b9eb83dc8f23d3fe3e58a430"},
      {"type": "Hex High Entropy String", "hashed_secret": "b19a3ce0e1dea62764ee2146b2d1f9f6c9293df8"},
      {"type": "Hex High Entropy String", "hashed_secret": "6e18eafd034cf7156bc64d9f9da64e5192c0754f"}
    ],
    "scripts/build_phase0_evidence.py": [
      {"type": "Secret Keyword", "hashed_secret": "18abaecf9f0c042aaf57e2af6fc73e796f9eacc0"}
    ],
    "src/prop_trading/contracts/models.py": [
      {"type": "Secret Keyword", "hashed_secret": "e8a598be9dd484c6db744508b01034d712936386"}
    ],
    "src/prop_trading/contracts/rd_strategy_v2.py": [
      {"type": "Hex High Entropy String", "hashed_secret": "b53ba2bbb2d1a2fb164042bf92bb64809e9c1669"}
    ],
    "src/prop_trading/contracts/rd_strategy_v3.py": [
      {"type": "Hex High Entropy String", "hashed_secret": "b53ba2bbb2d1a2fb164042bf92bb64809e9c1669"}
    ],
    "tests/contract/test_rd_strategy_rule_contract_v2.py": [
      {"type": "Hex High Entropy String", "hashed_secret": "b53ba2bbb2d1a2fb164042bf92bb64809e9c1669"}
    ],
    "tests/contract/test_rd_strategy_rule_contract_v3.py": [
      {"type": "Hex High Entropy String", "hashed_secret": "b53ba2bbb2d1a2fb164042bf92bb64809e9c1669"}
    ],
    "tests/fixtures/rd_entry_arbitration_cases_v2.json": [
      {"type": "Hex High Entropy String", "hashed_secret": "1d6bfe438db6f312d15c2a2901b4e8396d9674f2"},
      {"type": "Hex High Entropy String", "hashed_secret": "95c22c5e1a29a3a729817c43d13ba81aa273da0a"},
      {"type": "Hex High Entropy String", "hashed_secret": "636ebd3d10fd8f21ca0106f8ae91229cc8b23b6b"},
      {"type": "Hex High Entropy String", "hashed_secret": "754be1dc90dff18fbe73f3bf6d2325fde1c99032"},
      {"type": "Hex High Entropy String", "hashed_secret": "6cf1e9fc77b2d6811542817f27f961c2507da2ac"},
      {"type": "Hex High Entropy String", "hashed_secret": "ec7181feffa39ee8d14ed5c73262ff943b5a8192"},
      {"type": "Hex High Entropy String", "hashed_secret": "668d8a28930fcdddda8fa64ce62a2d435f9544b6"},
      {"type": "Hex High Entropy String", "hashed_secret": "0bf224feeb0230b128f6164dc48c8c58b4deb59c"},
      {"type": "Hex High Entropy String", "hashed_secret": "43b55f4098916f5d12efcb775d6dd46bbccba08f"},
      {"type": "Hex High Entropy String", "hashed_secret": "09f14bbbe491a6b644e4604f01ed10ba29f4ded2"},
      {"type": "Hex High Entropy String", "hashed_secret": "c9cd33b5e9abb0f6d802adeb82f8bbed082a31a8"},
      {"type": "Hex High Entropy String", "hashed_secret": "ebf82dcc5e5f868fec5fbab78969be4910648e2d"},
      {"type": "Hex High Entropy String", "hashed_secret": "ee1d4557a063ce78dc4657ee48e89374a15786c0"},
      {"type": "Hex High Entropy String", "hashed_secret": "3f32b8e6a07fb0ae08fcffa414c7c1f916ddb969"},
      {"type": "Hex High Entropy String", "hashed_secret": "aa0c1c774cd1fe6e3e8b2090c243edaa57b0d3e7"},
      {"type": "Hex High Entropy String", "hashed_secret": "8eb6325483e7fbefa5029e76d20fad9dd3f2949c"},
      {"type": "Hex High Entropy String", "hashed_secret": "72fc97a787d3baadb15a0cb864cb3bc741982075"},
      {"type": "Hex High Entropy String", "hashed_secret": "13ec41b94ec59164e5830d40383bb4a4c952b1bc"},
      {"type": "Hex High Entropy String", "hashed_secret": "811a14cc879a98952c61e3de34f705a78bf346c4"},
      {"type": "Hex High Entropy String", "hashed_secret": "054c6ac153d676a5010d5d154533e81f7ce58d20"},
      {"type": "Hex High Entropy String", "hashed_secret": "38d7ec233fd4d39fd23c20c699bfe0d585d58f7e"},
      {"type": "Hex High Entropy String", "hashed_secret": "bd8b38944f2f85bdc90f8450326bec1766fb5ce2"},
      {"type": "Hex High Entropy String", "hashed_secret": "33812cf90b6fac347586901d3be89f0ff4b89e41"},
      {"type": "Hex High Entropy String", "hashed_secret": "d229c043da936dc861fbe7448b669f5c0fc3acf5"},
      {"type": "Hex High Entropy String", "hashed_secret": "33dce046a9701ed4acfc6153e1034c614f3dd92a"},
      {"type": "Hex High Entropy String", "hashed_secret": "1ecfe5fdb9c352264c2a332c021d5d3b46aa2009"},
      {"type": "Hex High Entropy String", "hashed_secret": "859cb770e22a02be05a77ecc3737a43e2665dc59"},
      {"type": "Hex High Entropy String", "hashed_secret": "272dae1852f38dc09f10b263b8472730bd0c34ca"},
      {"type": "Hex High Entropy String", "hashed_secret": "2b4b8bf0512b0bd151dea98af384cc709bcfa12c"},
      {"type": "Hex High Entropy String", "hashed_secret": "2fb5b60a626c98d63485311058a05ba77ae04a9c"},
      {"type": "Hex High Entropy String", "hashed_secret": "64cc537c41a70aefd9c7e575345d68c68d12c847"},
      {"type": "Hex High Entropy String", "hashed_secret": "d1cc649856baa1a14a615b636cb3858356c794d2"},
      {"type": "Hex High Entropy String", "hashed_secret": "28281a95cdae46359b28df87bd6e630ed1cd4c39"},
      {"type": "Hex High Entropy String", "hashed_secret": "792f23cbd4754d3e00fe911fcab17aef075536ac"},
      {"type": "Hex High Entropy String", "hashed_secret": "f923f583806063fb53719e73c7cf6be0caef15c7"},
      {"type": "Hex High Entropy String", "hashed_secret": "5c47d6975009f5efb00cae5709f81f56e072d77c"},
      {"type": "Hex High Entropy String", "hashed_secret": "70ee5acb9c326011adeb0217ae0ffcb66a1cdd6f"},
      {"type": "Hex High Entropy String", "hashed_secret": "1a051003a0664831f203f5224fca50ad4f98c60d"},
      {"type": "Hex High Entropy String", "hashed_secret": "d72199650423dcb267a6ae585557321fcfebf72a"},
      {"type": "Hex High Entropy String", "hashed_secret": "37e68d2228a518f1a095ab277a3d8a931f2cd2a9"},
      {"type": "Hex High Entropy String", "hashed_secret": "d44632df124260d6c7f66d061488d20e8d40b488"},
      {"type": "Hex High Entropy String", "hashed_secret": "cb26bb7c35deb01463269c7879913e07f63ba8a5"},
      {"type": "Hex High Entropy String", "hashed_secret": "183ccb774d122a29aa71aede17017ee222220129"},
      {"type": "Hex High Entropy String", "hashed_secret": "5e43c5f26cea8615092d3cf554e65a9cc3b1f3d0"},
      {"type": "Hex High Entropy String", "hashed_secret": "3eddced723ccc403fb45a376837edc279820fecf"},
      {"type": "Hex High Entropy String", "hashed_secret": "0c5d2a4572d7da4432c3108e3fdb03e7fbfd3215"},
      {"type": "Hex High Entropy String", "hashed_secret": "1c6aa7c02124c45911c0537e0d9174597b416daa"},
      {"type": "Hex High Entropy String", "hashed_secret": "6e0caebe28963b22720736efa029ec0f5be86cc4"},
      {"type": "Hex High Entropy String", "hashed_secret": "f8e40fb9304cae6d74d70ea1456036ab64f1d591"},
      {"type": "Hex High Entropy String", "hashed_secret": "8904cefec05bacf2beae6c7f73d77680fd183038"},
      {"type": "Hex High Entropy String", "hashed_secret": "8a4f12622aafa49c25a630de09e7baba1d2c09f3"},
      {"type": "Hex High Entropy String", "hashed_secret": "7d4a9a53375164ae36f07d7a9b5acdea524a33e1"},
      {"type": "Hex High Entropy String", "hashed_secret": "5818bb6f23540a26a7ab2d01994b0b40e0499a99"},
      {"type": "Hex High Entropy String", "hashed_secret": "08bbf6afc0af3dce6a8c1e95a3efa30115822d43"},
      {"type": "Hex High Entropy String", "hashed_secret": "22cff069b3b94b7b93bc1bcd060f17bb942bb077"},
      {"type": "Hex High Entropy String", "hashed_secret": "33ce95500d3e24449d9b612652d292702aec5e60"},
      {"type": "Hex High Entropy String", "hashed_secret": "babe99638b46bada1d208dfdac126e5a6d707f8a"},
      {"type": "Hex High Entropy String", "hashed_secret": "e67b8bd947074e506b68de7088b1ff1ce06cbb5b"},
      {"type": "Hex High Entropy String", "hashed_secret": "185fc52c94f6581bc6fa75ecfb2c522c90b618d6"},
      {"type": "Hex High Entropy String", "hashed_secret": "1175133f60bc816a1ea15db159744de9acc46cb8"},
      {"type": "Hex High Entropy String", "hashed_secret": "043255a663dc56e9932447d376cd0a610327f65e"},
      {"type": "Hex High Entropy String", "hashed_secret": "08d69b3ee4aba7ca16542ea3c92f4c7359fefe39"},
      {"type": "Hex High Entropy String", "hashed_secret": "538ab001cbb05f1bc6189a84a1a4407c7d4be3ed"},
      {"type": "Hex High Entropy String", "hashed_secret": "91a590897daf6d5c71c3834c48e08a42937159ad"},
      {"type": "Hex High Entropy String", "hashed_secret": "afb3aaae07cbb88dbda30d0fb88d340725f43ffd"},
      {"type": "Hex High Entropy String", "hashed_secret": "4bda7e12600bd2bd04bd286a08133fa450477d26"},
      {"type": "Hex High Entropy String", "hashed_secret": "108bedf2f12a4e3eba7dafbb6eff4f1475697a35"},
      {"type": "Hex High Entropy String", "hashed_secret": "823c36851ac09a13c2976324d83a5139cbdc884d"},
      {"type": "Hex High Entropy String", "hashed_secret": "9d33ed906e56c47e08e58582bc4d9fdd0709dc16"},
      {"type": "Hex High Entropy String", "hashed_secret": "e94fc77c8295655816b4db907cc436917f5525c3"},
      {"type": "Hex High Entropy String", "hashed_secret": "ec3786b4ec0880ce29ca38fa14b26b2a8be086c5"},
      {"type": "Hex High Entropy String", "hashed_secret": "3f454c633d8825476d7292a79ecb73b3b6f819d7"}
    ],
    "tests/static/test_execution_proposal_v1_boundaries.py": [
      {"type": "Hex High Entropy String", "hashed_secret": "f5cf2d4c128aead7ea6534c574b81b117a9cd291"},
      {"type": "Hex High Entropy String", "hashed_secret": "66e8b1f4a48201e3b103e30393d20c9e1e56e07d"},
      {"type": "Hex High Entropy String", "hashed_secret": "b121e8ec18e5f1348c1fc7bd6265ba949f590488"}
    ],
    "tests/unit/test_generate_rd_v3_release.py": [
      {"type": "Hex High Entropy String", "hashed_secret": "8545e7061f66ad3059ff6a2c228a14de380ed439"}
    ]
  }
}
